
> my-app@0.1.0 build
> next build

node.exe : [baseline-browser-mapping] 
The data in this module is over two 
months old.  To ensure accurate 
Baseline data, please update: `npm i 
baseline-browser-mapping@latest -D`
At line:1 char:1
+ & "C:\Program 
Files\nodejs/node.exe" 
"C:\Users\User\AppData\Roaming\n ...
+ ~~~~~~~~~~~~~~~~~~~~~~~~~~~~~~~~~~~~
~~~~~~~~~~~~~~~~~~~~~~~~~~~~~~~~~
    + CategoryInfo          : NotSpec 
   ified: ([baseline-brows...ping@la  
  test -D`:String) [], RemoteExcept   
 ion
    + FullyQualifiedErrorId : NativeC 
   ommandError
 
 ΓÜá Warning: Next.js inferred your 
workspace root, but it may not be 
correct.
 We detected multiple lockfiles and 
selected the directory of E:\local-gui
de-frontend-assignment\local-guide-fro
ntend\package-lock.json as the root 
directory.
 To silence this warning, set 
`turbopack.root` in your Next.js 
config, or consider removing one of 
the lockfiles if it's not needed.
   See https://nextjs.org/docs/app/api
-reference/config/next-config-js/turbo
pack#root-directory for more 
information.
 Detected additional lockfiles: 
   * E:\local-guide-frontend-assignmen
t\local-guide-frontend\my-app\package-
lock.json

   Γû▓ Next.js 16.0.7 (Turbopack)
   - Environments: .env.local
   - Experiments (use with caution):
     ┬╖ serverActions

   Creating an optimized production build ...
[baseline-browser-mapping] The data 
in this module is over two months 
old.  To ensure accurate Baseline 
data, please update: `npm i 
baseline-browser-mapping@latest -D`
 Γ£ô Compiled successfully in 4.3s
   Running TypeScript ...
Failed to compile.

./components/layout/Navbar.tsx:6:48
Type error: Cannot find module 
'@/hooks/useRedux' or its 
corresponding type declarations.

[0m [90m 4 |[39m [36mimport[39m 
[33mLink[39m [36mfrom[39m 
[32m'next/link'[39m
 [90m 5 |[39m [36mimport[39m { 
usePathname[33m,[39m useRouter } 
[36mfrom[39m 
[32m'next/navigation'[39m
[31m[1m>[22m[39m[90m 6 |[39m 
[36mimport[39m { 
useAppSelector[33m,[39m 
useAppDispatch } [36mfrom[39m 
[32m'@/hooks/useRedux'[39m
 [90m   |[39m                       
                         
[31m[1m^[22m[39m
 [90m 7 |[39m [36mimport[39m { 
logout } [36mfrom[39m 
[32m'@/store/authSlice'[39m
 [90m 8 |[39m [36mimport[39m { 
[33mButton[39m } [36mfrom[39m 
[32m'../ui/button'[39m   
 [90m 9 |[39m [36mimport[39m { 
[0m
Next.js build worker exited with 
code: 1 and signal: null
